**WARN: (IMPREPO-205):	There are 22 Cells with missing PG PIN.
Begin checking placement ... (start mem=1705.7M, init mem=1706.7M)
*info: Recommended don't use cell = 0           
*info: Placed = 0             
*info: Unplaced = 133         
Placement Density:0.75%(4557/606778)
Placement Density (including fixed std cells):0.75%(4557/606778)
Finished checkPlace (total: cpu=0:00:00.1, real=0:00:01.0; vio checks: cpu=0:00:00.0, real=0:00:00.0; mem=1706.7M)
Design: mac_4x4_wrapper_chip

------ Design Summary:
Total Standard Cell Number   (cells) : 133
Total Block Cell Number      (cells) : 0
Total I/O Pad Cell Number    (cells) : 52
Total Standard Cell Area     ( um^2) : 4556.61
Total Block Cell Area        ( um^2) : 0.00
Total I/O Pad Cell Area      ( um^2) : 1030000.00

------ Design Statistics:

Number of Instances            : 185
Number of Non-uniquified Insts : 178
Number of Nets                 : 203
Average number of Pins per Net : 2.82
Maximum number of Pins in Net  : 35

------ I/O Port summary

Number of Primary I/O Ports    : 27
Number of Input Ports          : 11
Number of Output Ports         : 16
Number of Bidirectional Ports  : 0
Number of Power/Ground Ports   : 0
Number of Floating Ports                     *: 0
Number of Ports Connected to Multiple Pads   *: 0
Number of Ports Connected to Core Instances   : 0

------ Design Rule Checking:

Number of Output Pins connect to Power/Ground *: 0
Number of Insts with Input Pins tied together ?: 0
Number of TieHi/Lo term nets not connected to instance's PG terms ?: 0
**WARN: (IMPDB-2136):	Input term 'I' of Io  instance 'pc3o01_dummy4' does not connect to a '' net. The netlist is not correct or the net for connecting tie high/low signals is not specified. To resolve this problem, check your netlist or run globalNetConnect to specify the tie high/low signal nets.
**WARN: (IMPDB-2136):	Input term 'I' of Io  instance 'pc3o01_dummy3' does not connect to a '' net. The netlist is not correct or the net for connecting tie high/low signals is not specified. To resolve this problem, check your netlist or run globalNetConnect to specify the tie high/low signal nets.
**WARN: (IMPDB-2136):	Input term 'I' of Io  instance 'pc3o01_dummy2' does not connect to a '' net. The netlist is not correct or the net for connecting tie high/low signals is not specified. To resolve this problem, check your netlist or run globalNetConnect to specify the tie high/low signal nets.
**WARN: (IMPDB-2136):	Input term 'I' of Io  instance 'pc3o01_dummy1' does not connect to a '' net. The netlist is not correct or the net for connecting tie high/low signals is not specified. To resolve this problem, check your netlist or run globalNetConnect to specify the tie high/low signal nets.
**WARN: (IMPDB-2137):	Floating Output term PAD of Io inst pc3o01_dummy4.
**WARN: (IMPDB-2137):	Floating Output term PAD of Io inst pc3o01_dummy3.
**WARN: (IMPDB-2137):	Floating Output term PAD of Io inst pc3o01_dummy2.
**WARN: (IMPDB-2137):	Floating Output term PAD of Io inst pc3o01_dummy1.
Number of Input/InOut Floating Pins            : 4
Number of Output Floating Pins                 : 4
Number of Output Term Marked TieHi/Lo         *: 0

**WARN: (IMPREPO-218):	There are 4 Floating Instance terminals.
**WARN: (IMPREPO-219):	There are 4 Floating IO terms.
Number of nets with tri-state drivers          : 0
Number of nets with parallel drivers           : 0
Number of nets with multiple drivers           : 0
Number of nets with no driver (No FanIn)       : 0
Number of Output Floating nets (No FanOut)     : 0
Number of High Fanout nets (>50)               : 0
Checking for any assigns in the netlist...
  No assigns found.
Checking routing tracks.....
Checking other grids.....
Checking FINFET Grid is on Manufacture Grid.....

Checking core/die box is on Grid.....

WARNING (IMPFP-7236): DIE's corner: (1280.0000000000 , 1280.0000000000) is NOT on PlacementGrid,  Please use command getFPlanMode to check current Grid settings, use command setFPlanMode to change which grid to snap to. And use command get_snap_grid_info to get grids' offset and pitch. Command floorplan can be used to fix this issue.
WARNING (IMPFP-7238): CORE's  corner:	(1030.0000000000 , 1028.7200000000)  is	NOT on PlacementGrid. You can use the getFPlanMode command to check the current grid settings and use the setFPlanMode command to  change the grid to snap to. You can also use the get_snap_grid_info command to get information on the offset and pitch of the current snap grid. To resolve this issue, use the floorPlan command.
Checking snap rule ......

Checking Row is on grid......

Checking AreaIO row.....
Checking routing blockage.....
Checking components.....
Checking constraints (guide/region/fence).....
Checking groups.....
Checking Ptn Core Box.....

Checking Preroutes.....
No. of regular pre-routes not on tracks : 0 
 Design check done.
Report saved in file checkDesign/mac_4x4_wrapper_chip.main.htm.ascii

*** Summary of all messages that are not suppressed in this session:
Severity  ID               Count  Summary                                  
WARNING   IMPDB-2136           4  %s term '%s' of %s instance '%s' does no...
WARNING   IMPDB-2137           4  Floating %s term %s of %sinst %s.        
WARNING   IMPREPO-205          1  There are %d Cells with missing PG PIN.  
WARNING   IMPREPO-218          1  There are %d Floating Instance terminals...
WARNING   IMPREPO-219          1  There are %d Floating IO terms.          
*** Message Summary: 11 warning(s), 0 error(s)

