VERIFY_CONNECTIVITY use new engine.

******** Start: VERIFY CONNECTIVITY ********
Start Time: Tue Jun 23 12:06:03 2026

Design Name: mac_4x4_wrapper_chip
Database Units: 1000
Design Boundary: (0.0000, 0.0000) (1939.8400, 1939.8400)
Error Limit = 10000; Warning Limit = 5000
Check all nets
**WARN: (IMPVFC-96):	Instance pin A2 of net a_pad[3] has not been placed. Please make sure instance dut/g1209__8246 is placed and rerun verifyConnectivity.
**WARN: (IMPVFC-96):	Instance pin A2 of net a_pad[2] has not been placed. Please make sure instance dut/g1217__9315 is placed and rerun verifyConnectivity.
**WARN: (IMPVFC-96):	Instance pin A2 of net a_pad[1] has not been placed. Please make sure instance dut/g1216__6161 is placed and rerun verifyConnectivity.
**WARN: (IMPVFC-96):	Instance pin A2 of net a_pad[0] has not been placed. Please make sure instance dut/g1214__7482 is placed and rerun verifyConnectivity.
**WARN: (IMPVFC-96):	Instance pin A2 of net b_pad[3] has not been placed. Please make sure instance dut/g1215__4733 is placed and rerun verifyConnectivity.
**WARN: (IMPVFC-96):	Instance pin A2 of net b_pad[2] has not been placed. Please make sure instance dut/g1210__7098 is placed and rerun verifyConnectivity.
**WARN: (IMPVFC-96):	Instance pin A2 of net b_pad[1] has not been placed. Please make sure instance dut/g1211__6131 is placed and rerun verifyConnectivity.
**WARN: (IMPVFC-96):	Instance pin A2 of net b_pad[0] has not been placed. Please make sure instance dut/g1213__5115 is placed and rerun verifyConnectivity.
**WARN: (IMPVFC-96):	Instance pin A2 of net mac_out_pad[15] has not been placed. Please make sure instance dut/g2 is placed and rerun verifyConnectivity.
**WARN: (IMPVFC-96):	Instance pin A1 of net mac_out_pad[15] has not been placed. Please make sure instance dut/g691__2346 is placed and rerun verifyConnectivity.
**WARN: (IMPVFC-96):	Instance pin Q of net mac_out_pad[15] has not been placed. Please make sure instance dut/acc_reg_reg[15] is placed and rerun verifyConnectivity.
**WARN: (IMPVFC-96):	Instance pin A of net mac_out_pad[14] has not been placed. Please make sure instance dut/add_89_32_g369__5477 is placed and rerun verifyConnectivity.
**WARN: (IMPVFC-96):	Instance pin A1 of net mac_out_pad[14] has not been placed. Please make sure instance dut/g686__4733 is placed and rerun verifyConnectivity.
**WARN: (IMPVFC-96):	Instance pin Q of net mac_out_pad[14] has not been placed. Please make sure instance dut/acc_reg_reg[14] is placed and rerun verifyConnectivity.
**WARN: (IMPVFC-96):	Instance pin A of net mac_out_pad[13] has not been placed. Please make sure instance dut/add_89_32_g370__2398 is placed and rerun verifyConnectivity.
**WARN: (IMPVFC-96):	Instance pin A1 of net mac_out_pad[13] has not been placed. Please make sure instance dut/g687__6161 is placed and rerun verifyConnectivity.
**WARN: (IMPVFC-96):	Instance pin Q of net mac_out_pad[13] has not been placed. Please make sure instance dut/acc_reg_reg[13] is placed and rerun verifyConnectivity.
**WARN: (IMPVFC-96):	Instance pin A of net mac_out_pad[12] has not been placed. Please make sure instance dut/add_89_32_g371__5107 is placed and rerun verifyConnectivity.
**WARN: (IMPVFC-96):	Instance pin A1 of net mac_out_pad[12] has not been placed. Please make sure instance dut/g690__2883 is placed and rerun verifyConnectivity.
**WARN: (IMPVFC-96):	Instance pin Q of net mac_out_pad[12] has not been placed. Please make sure instance dut/acc_reg_reg[12] is placed and rerun verifyConnectivity.
**WARN: (IMPVFC-96):	Instance pin A of net mac_out_pad[11] has not been placed. Please make sure instance dut/add_89_32_g372__6260 is placed and rerun verifyConnectivity.
**WARN: (IMPVFC-96):	Instance pin A1 of net mac_out_pad[11] has not been placed. Please make sure instance dut/g685__7482 is placed and rerun verifyConnectivity.
**WARN: (IMPVFC-96):	Instance pin Q of net mac_out_pad[11] has not been placed. Please make sure instance dut/acc_reg_reg[11] is placed and rerun verifyConnectivity.
**WARN: (IMPVFC-96):	Instance pin A of net mac_out_pad[10] has not been placed. Please make sure instance dut/add_89_32_g373__4319 is placed and rerun verifyConnectivity.
**WARN: (IMPVFC-96):	Instance pin A1 of net mac_out_pad[10] has not been placed. Please make sure instance dut/g684__5115 is placed and rerun verifyConnectivity.
**WARN: (IMPVFC-96):	Instance pin Q of net mac_out_pad[10] has not been placed. Please make sure instance dut/acc_reg_reg[10] is placed and rerun verifyConnectivity.
**WARN: (IMPVFC-96):	Instance pin A of net mac_out_pad[9] has not been placed. Please make sure instance dut/add_89_32_g374__8428 is placed and rerun verifyConnectivity.
**WARN: (IMPVFC-96):	Instance pin A1 of net mac_out_pad[9] has not been placed. Please make sure instance dut/g678__1705 is placed and rerun verifyConnectivity.
**WARN: (IMPVFC-96):	Instance pin Q of net mac_out_pad[9] has not been placed. Please make sure instance dut/acc_reg_reg[9] is placed and rerun verifyConnectivity.
**WARN: (IMPVFC-96):	Instance pin A of net mac_out_pad[8] has not been placed. Please make sure instance dut/add_89_32_g375__5526 is placed and rerun verifyConnectivity.
**WARN: (IMPVFC-96):	Instance pin A1 of net mac_out_pad[8] has not been placed. Please make sure instance dut/g680__8246 is placed and rerun verifyConnectivity.
**WARN: (IMPVFC-96):	Instance pin Q of net mac_out_pad[8] has not been placed. Please make sure instance dut/acc_reg_reg[8] is placed and rerun verifyConnectivity.
**WARN: (IMPVFC-96):	Instance pin A of net mac_out_pad[7] has not been placed. Please make sure instance dut/add_89_32_g376__6783 is placed and rerun verifyConnectivity.
**WARN: (IMPVFC-96):	Instance pin A1 of net mac_out_pad[7] has not been placed. Please make sure instance dut/g679__5122 is placed and rerun verifyConnectivity.
**WARN: (IMPVFC-96):	Instance pin Q of net mac_out_pad[7] has not been placed. Please make sure instance dut/acc_reg_reg[7] is placed and rerun verifyConnectivity.
**WARN: (IMPVFC-96):	Instance pin A of net mac_out_pad[6] has not been placed. Please make sure instance dut/add_89_32_g377__3680 is placed and rerun verifyConnectivity.
**WARN: (IMPVFC-96):	Instance pin A1 of net mac_out_pad[6] has not been placed. Please make sure instance dut/g682__6131 is placed and rerun verifyConnectivity.
**WARN: (IMPVFC-96):	Instance pin Q of net mac_out_pad[6] has not been placed. Please make sure instance dut/acc_reg_reg[6] is placed and rerun verifyConnectivity.
**WARN: (IMPVFC-96):	Instance pin A of net mac_out_pad[5] has not been placed. Please make sure instance dut/add_89_32_g378__1617 is placed and rerun verifyConnectivity.
**WARN: (IMPVFC-96):	Instance pin A1 of net mac_out_pad[5] has not been placed. Please make sure instance dut/g693__7410 is placed and rerun verifyConnectivity.
**WARN: (IMPVFC-96):	Instance pin Q of net mac_out_pad[5] has not been placed. Please make sure instance dut/acc_reg_reg[5] is placed and rerun verifyConnectivity.
**WARN: (IMPVFC-96):	Instance pin A of net mac_out_pad[4] has not been placed. Please make sure instance dut/add_89_32_g379__2802 is placed and rerun verifyConnectivity.
**WARN: (IMPVFC-96):	Instance pin A1 of net mac_out_pad[4] has not been placed. Please make sure instance dut/g692__1666 is placed and rerun verifyConnectivity.
**WARN: (IMPVFC-96):	Instance pin Q of net mac_out_pad[4] has not been placed. Please make sure instance dut/acc_reg_reg[4] is placed and rerun verifyConnectivity.
**WARN: (IMPVFC-96):	Instance pin A of net mac_out_pad[3] has not been placed. Please make sure instance dut/add_89_32_g380__1705 is placed and rerun verifyConnectivity.
**WARN: (IMPVFC-96):	Instance pin A1 of net mac_out_pad[3] has not been placed. Please make sure instance dut/g688__9315 is placed and rerun verifyConnectivity.
**WARN: (IMPVFC-96):	Instance pin Q of net mac_out_pad[3] has not been placed. Please make sure instance dut/acc_reg_reg[3] is placed and rerun verifyConnectivity.
**WARN: (IMPVFC-96):	Instance pin A of net mac_out_pad[2] has not been placed. Please make sure instance dut/add_89_32_g381__5122 is placed and rerun verifyConnectivity.
**WARN: (IMPVFC-96):	Instance pin A1 of net mac_out_pad[2] has not been placed. Please make sure instance dut/g689__9945 is placed and rerun verifyConnectivity.
**WARN: (IMPVFC-96):	Instance pin Q of net mac_out_pad[2] has not been placed. Please make sure instance dut/acc_reg_reg[2] is placed and rerun verifyConnectivity.
**WARN: (IMPVFC-96):	Instance pin A of net mac_out_pad[1] has not been placed. Please make sure instance dut/add_89_32_g382__8246 is placed and rerun verifyConnectivity.
**WARN: (IMPVFC-96):	Instance pin A1 of net mac_out_pad[1] has not been placed. Please make sure instance dut/g683__1881 is placed and rerun verifyConnectivity.
**WARN: (IMPVFC-96):	Instance pin Q of net mac_out_pad[1] has not been placed. Please make sure instance dut/acc_reg_reg[1] is placed and rerun verifyConnectivity.
**WARN: (IMPVFC-96):	Instance pin A of net mac_out_pad[0] has not been placed. Please make sure instance dut/add_89_32_g383__7098 is placed and rerun verifyConnectivity.
**WARN: (IMPVFC-96):	Instance pin A1 of net mac_out_pad[0] has not been placed. Please make sure instance dut/g681__7098 is placed and rerun verifyConnectivity.
**WARN: (IMPVFC-96):	Instance pin Q of net mac_out_pad[0] has not been placed. Please make sure instance dut/acc_reg_reg[0] is placed and rerun verifyConnectivity.
**WARN: (IMPVFC-96):	Instance pin CP of net clk_buf has not been placed. Please make sure instance dut/enable_s2_reg is placed and rerun verifyConnectivity.
**WARN: (IMPVFC-96):	Instance pin CP of net clk_buf has not been placed. Please make sure instance dut/a_reg_reg[2] is placed and rerun verifyConnectivity.
**WARN: (IMPVFC-96):	Instance pin CP of net clk_buf has not been placed. Please make sure instance dut/b_reg_reg[2] is placed and rerun verifyConnectivity.
**WARN: (IMPVFC-96):	Instance pin CP of net clk_buf has not been placed. Please make sure instance dut/acc_reg_reg[4] is placed and rerun verifyConnectivity.
**WARN: (IMPVFC-96):	Instance pin CP of net clk_buf has not been placed. Please make sure instance dut/acc_reg_reg[15] is placed and rerun verifyConnectivity.
**WARN: (IMPVFC-96):	Instance pin CP of net clk_buf has not been placed. Please make sure instance dut/acc_reg_reg[3] is placed and rerun verifyConnectivity.
**WARN: (IMPVFC-96):	Instance pin CP of net clk_buf has not been placed. Please make sure instance dut/acc_reg_reg[2] is placed and rerun verifyConnectivity.
**WARN: (IMPVFC-96):	Instance pin CP of net clk_buf has not been placed. Please make sure instance dut/acc_reg_reg[13] is placed and rerun verifyConnectivity.
**WARN: (IMPVFC-96):	Instance pin CP of net clk_buf has not been placed. Please make sure instance dut/acc_reg_reg[12] is placed and rerun verifyConnectivity.
**WARN: (IMPVFC-96):	Instance pin CP of net clk_buf has not been placed. Please make sure instance dut/acc_reg_reg[11] is placed and rerun verifyConnectivity.
**WARN: (IMPVFC-96):	Instance pin CP of net clk_buf has not been placed. Please make sure instance dut/acc_reg_reg[14] is placed and rerun verifyConnectivity.
**WARN: (IMPVFC-96):	Instance pin CP of net clk_buf has not been placed. Please make sure instance dut/acc_reg_reg[10] is placed and rerun verifyConnectivity.
**WARN: (IMPVFC-96):	Instance pin CP of net clk_buf has not been placed. Please make sure instance dut/acc_reg_reg[9] is placed and rerun verifyConnectivity.
**WARN: (IMPVFC-96):	Instance pin CP of net clk_buf has not been placed. Please make sure instance dut/acc_reg_reg[8] is placed and rerun verifyConnectivity.
**WARN: (IMPVFC-96):	Instance pin CP of net clk_buf has not been placed. Please make sure instance dut/acc_reg_reg[0] is placed and rerun verifyConnectivity.
**WARN: (IMPVFC-96):	Instance pin CP of net clk_buf has not been placed. Please make sure instance dut/acc_reg_reg[6] is placed and rerun verifyConnectivity.
**WARN: (IMPVFC-96):	Instance pin CP of net clk_buf has not been placed. Please make sure instance dut/acc_reg_reg[5] is placed and rerun verifyConnectivity.
**WARN: (IMPVFC-96):	Instance pin CP of net clk_buf has not been placed. Please make sure instance dut/acc_reg_reg[1] is placed and rerun verifyConnectivity.
**WARN: (IMPVFC-96):	Instance pin CP of net clk_buf has not been placed. Please make sure instance dut/acc_reg_reg[7] is placed and rerun verifyConnectivity.
**WARN: (IMPVFC-96):	Instance pin CP of net clk_buf has not been placed. Please make sure instance dut/b_reg_reg[0] is placed and rerun verifyConnectivity.
**WARN: (IMPVFC-96):	Instance pin CP of net clk_buf has not been placed. Please make sure instance dut/a_reg_reg[3] is placed and rerun verifyConnectivity.
**WARN: (IMPVFC-96):	Instance pin CP of net clk_buf has not been placed. Please make sure instance dut/a_reg_reg[0] is placed and rerun verifyConnectivity.
**WARN: (IMPVFC-96):	Instance pin CP of net clk_buf has not been placed. Please make sure instance dut/b_reg_reg[3] is placed and rerun verifyConnectivity.
**WARN: (IMPVFC-96):	Instance pin CP of net clk_buf has not been placed. Please make sure instance dut/a_reg_reg[1] is placed and rerun verifyConnectivity.
**WARN: (IMPVFC-96):	Instance pin CP of net clk_buf has not been placed. Please make sure instance dut/b_reg_reg[1] is placed and rerun verifyConnectivity.
**WARN: (IMPVFC-96):	Instance pin CP of net clk_buf has not been placed. Please make sure instance dut/enable_s1_reg is placed and rerun verifyConnectivity.
**WARN: (IMPVFC-96):	Instance pin CP of net clk_buf has not been placed. Please make sure instance dut/mult_reg_reg[0] is placed and rerun verifyConnectivity.
**WARN: (IMPVFC-96):	Instance pin CP of net clk_buf has not been placed. Please make sure instance dut/mult_reg_reg[1] is placed and rerun verifyConnectivity.
**WARN: (IMPVFC-96):	Instance pin CP of net clk_buf has not been placed. Please make sure instance dut/mult_reg_reg[2] is placed and rerun verifyConnectivity.
**WARN: (IMPVFC-96):	Instance pin CP of net clk_buf has not been placed. Please make sure instance dut/mult_reg_reg[3] is placed and rerun verifyConnectivity.
**WARN: (IMPVFC-96):	Instance pin CP of net clk_buf has not been placed. Please make sure instance dut/mult_reg_reg[4] is placed and rerun verifyConnectivity.
**WARN: (IMPVFC-96):	Instance pin CP of net clk_buf has not been placed. Please make sure instance dut/mult_reg_reg[5] is placed and rerun verifyConnectivity.
**WARN: (IMPVFC-96):	Instance pin CP of net clk_buf has not been placed. Please make sure instance dut/mult_reg_reg[6] is placed and rerun verifyConnectivity.
**WARN: (IMPVFC-96):	Instance pin CP of net clk_buf has not been placed. Please make sure instance dut/mult_reg_reg[7] is placed and rerun verifyConnectivity.
Net clk_pad: no routing.
**WARN: (IMPVFC-96):	Instance pin A2 of net enable_pad has not been placed. Please make sure instance dut/g1212__1881 is placed and rerun verifyConnectivity.
**WARN: (IMPVFC-96):	Instance pin A2 of net rst_pad has not been placed. Please make sure instance dut/g677__2802 is placed and rerun verifyConnectivity.
**WARN: (IMPVFC-96):	Instance pin A2 of net rst_pad has not been placed. Please make sure instance dut/g676__1617 is placed and rerun verifyConnectivity.
**WARN: (IMPVFC-96):	Instance pin A2 of net rst_pad has not been placed. Please make sure instance dut/g675__3680 is placed and rerun verifyConnectivity.
**WARN: (IMPVFC-96):	Instance pin A2 of net rst_pad has not been placed. Please make sure instance dut/g674__6783 is placed and rerun verifyConnectivity.
**WARN: (IMPVFC-96):	Instance pin A2 of net rst_pad has not been placed. Please make sure instance dut/g673__5526 is placed and rerun verifyConnectivity.
**WARN: (IMPVFC-96):	Instance pin A2 of net rst_pad has not been placed. Please make sure instance dut/g672__8428 is placed and rerun verifyConnectivity.
**WARN: (IMPVFC-96):	Instance pin A2 of net rst_pad has not been placed. Please make sure instance dut/g671__4319 is placed and rerun verifyConnectivity.
**WARN: (IMPVFC-96):	Instance pin A2 of net rst_pad has not been placed. Please make sure instance dut/g670__6260 is placed and rerun verifyConnectivity.
**WARN: (IMPVFC-96):	Instance pin A2 of net rst_pad has not been placed. Please make sure instance dut/g669__5107 is placed and rerun verifyConnectivity.
**WARN: (IMPVFC-96):	Instance pin A2 of net rst_pad has not been placed. Please make sure instance dut/g668__2398 is placed and rerun verifyConnectivity.
**WARN: (IMPVFC-96):	Instance pin A2 of net rst_pad has not been placed. Please make sure instance dut/g667__5477 is placed and rerun verifyConnectivity.
**WARN: (IMPVFC-96):	Instance pin A2 of net rst_pad has not been placed. Please make sure instance dut/g666__6417 is placed and rerun verifyConnectivity.
**WARN: (IMPVFC-96):	Instance pin A2 of net rst_pad has not been placed. Please make sure instance dut/g665__7410 is placed and rerun verifyConnectivity.
**WARN: (IMPVFC-96):	Instance pin A2 of net rst_pad has not been placed. Please make sure instance dut/g664__1666 is placed and rerun verifyConnectivity.
**WARN: (IMPVFC-96):	Instance pin A2 of net rst_pad has not been placed. Please make sure instance dut/g663__2346 is placed and rerun verifyConnectivity.
**WARN: (IMPVFC-96):	Instance pin A2 of net rst_pad has not been placed. Please make sure instance dut/g662__2883 is placed and rerun verifyConnectivity.
**WARN: (IMPVFC-96):	Instance pin I of net rst_pad has not been placed. Please make sure instance dut/g1218 is placed and rerun verifyConnectivity.
**WARN: (IMPVFC-96):	Instance pin A2 of net rst_pad has not been placed. Please make sure instance dut/g1183__5477 is placed and rerun verifyConnectivity.
**WARN: (IMPVFC-96):	Instance pin A2 of net rst_pad has not been placed. Please make sure instance dut/g1179__2346 is placed and rerun verifyConnectivity.
**WARN: (IMPVFC-96):	Instance pin A of net rst_pad has not been placed. Please make sure instance dut/g1164__5122 is placed and rerun verifyConnectivity.
**WARN: (IMPVFC-96):	Instance pin A of net rst_pad has not been placed. Please make sure instance dut/g1150__5107 is placed and rerun verifyConnectivity.
**WARN: (IMPVFC-96):	Instance pin A of net rst_pad has not been placed. Please make sure instance dut/g1149__2398 is placed and rerun verifyConnectivity.
Net VDD_CORE: has an unconnected terminal, has special routes with opens.
Net VSS_CORE: has an unconnected terminal, has special routes with opens.
Net VDDO_CORE: no routing.
Net VSSO_CORE: no routing.
**WARN: (IMPVFC-96):	Instance pin A3 of net dut/mult_reg[7] has not been placed. Please make sure instance dut/g2 is placed and rerun verifyConnectivity.
**WARN: (IMPVFC-96):	Instance pin B of net dut/mult_reg[7] has not been placed. Please make sure instance dut/add_89_32_g376__6783 is placed and rerun verifyConnectivity.
**WARN: (IMPVFC-96):	Instance pin B of net dut/mult_reg[7] has not been placed. Please make sure instance dut/add_89_32_g375__5526 is placed and rerun verifyConnectivity.
**WARN: (IMPVFC-96):	Instance pin B of net dut/mult_reg[7] has not been placed. Please make sure instance dut/add_89_32_g374__8428 is placed and rerun verifyConnectivity.
**WARN: (IMPVFC-96):	Instance pin B of net dut/mult_reg[7] has not been placed. Please make sure instance dut/add_89_32_g373__4319 is placed and rerun verifyConnectivity.
**WARN: (IMPVFC-96):	Instance pin B of net dut/mult_reg[7] has not been placed. Please make sure instance dut/add_89_32_g372__6260 is placed and rerun verifyConnectivity.
**WARN: (IMPVFC-96):	Instance pin B of net dut/mult_reg[7] has not been placed. Please make sure instance dut/add_89_32_g371__5107 is placed and rerun verifyConnectivity.
**WARN: (IMPVFC-96):	Instance pin B of net dut/mult_reg[7] has not been placed. Please make sure instance dut/add_89_32_g370__2398 is placed and rerun verifyConnectivity.
**WARN: (IMPVFC-96):	Instance pin B of net dut/mult_reg[7] has not been placed. Please make sure instance dut/add_89_32_g369__5477 is placed and rerun verifyConnectivity.
**WARN: (IMPVFC-96):	Instance pin Q of net dut/mult_reg[7] has not been placed. Please make sure instance dut/mult_reg_reg[7] is placed and rerun verifyConnectivity.
**WARN: (IMPVFC-96):	Instance pin B of net dut/mult_reg[6] has not been placed. Please make sure instance dut/add_89_32_g377__3680 is placed and rerun verifyConnectivity.
**WARN: (IMPVFC-96):	Instance pin Q of net dut/mult_reg[6] has not been placed. Please make sure instance dut/mult_reg_reg[6] is placed and rerun verifyConnectivity.
**WARN: (IMPVFC-96):	Instance pin B of net dut/mult_reg[5] has not been placed. Please make sure instance dut/add_89_32_g378__1617 is placed and rerun verifyConnectivity.
**WARN: (IMPVFC-96):	Instance pin Q of net dut/mult_reg[5] has not been placed. Please make sure instance dut/mult_reg_reg[5] is placed and rerun verifyConnectivity.
**WARN: (IMPVFC-96):	Instance pin B of net dut/mult_reg[4] has not been placed. Please make sure instance dut/add_89_32_g379__2802 is placed and rerun verifyConnectivity.
**WARN: (IMPVFC-96):	Instance pin Q of net dut/mult_reg[4] has not been placed. Please make sure instance dut/mult_reg_reg[4] is placed and rerun verifyConnectivity.
**WARN: (IMPVFC-96):	Instance pin B of net dut/mult_reg[3] has not been placed. Please make sure instance dut/add_89_32_g380__1705 is placed and rerun verifyConnectivity.
**WARN: (IMPVFC-96):	Instance pin Q of net dut/mult_reg[3] has not been placed. Please make sure instance dut/mult_reg_reg[3] is placed and rerun verifyConnectivity.
**WARN: (IMPVFC-96):	Instance pin B of net dut/mult_reg[2] has not been placed. Please make sure instance dut/add_89_32_g381__5122 is placed and rerun verifyConnectivity.
**WARN: (IMPVFC-96):	Instance pin Q of net dut/mult_reg[2] has not been placed. Please make sure instance dut/mult_reg_reg[2] is placed and rerun verifyConnectivity.
**WARN: (IMPVFC-96):	Instance pin B of net dut/mult_reg[1] has not been placed. Please make sure instance dut/add_89_32_g382__8246 is placed and rerun verifyConnectivity.
**WARN: (IMPVFC-96):	Instance pin Q of net dut/mult_reg[1] has not been placed. Please make sure instance dut/mult_reg_reg[1] is placed and rerun verifyConnectivity.
**WARN: (IMPVFC-96):	Instance pin B of net dut/mult_reg[0] has not been placed. Please make sure instance dut/add_89_32_g383__7098 is placed and rerun verifyConnectivity.
**WARN: (IMPVFC-96):	Instance pin Q of net dut/mult_reg[0] has not been placed. Please make sure instance dut/mult_reg_reg[0] is placed and rerun verifyConnectivity.
**WARN: (IMPVFC-96):	Instance pin A2 of net dut/a_reg[3] has not been placed. Please make sure instance dut/g2__9945 is placed and rerun verifyConnectivity.
**WARN: (IMPVFC-96):	Instance pin Q of net dut/a_reg[3] has not been placed. Please make sure instance dut/a_reg_reg[3] is placed and rerun verifyConnectivity.
**WARN: (IMPVFC-96):	Instance pin A2 of net dut/a_reg[3] has not been placed. Please make sure instance dut/g1195__1705 is placed and rerun verifyConnectivity.
**WARN: (IMPVFC-96):	Instance pin A2 of net dut/a_reg[3] has not been placed. Please make sure instance dut/g1186__6260 is placed and rerun verifyConnectivity.
**WARN: (IMPVFC-96):	Instance pin A2 of net dut/a_reg[3] has not been placed. Please make sure instance dut/g1165__8246 is placed and rerun verifyConnectivity.
**WARN: (IMPVFC-96):	Instance pin QN of net dut/a_reg[2] has not been placed. Please make sure instance dut/a_reg_reg[2] is placed and rerun verifyConnectivity.
**WARN: (IMPVFC-96):	Instance pin A1 of net dut/a_reg[2] has not been placed. Please make sure instance dut/g1194__2802 is placed and rerun verifyConnectivity.
**WARN: (IMPVFC-96):	Instance pin A1 of net dut/a_reg[2] has not been placed. Please make sure instance dut/g1192__3680 is placed and rerun verifyConnectivity.
**WARN: (IMPVFC-96):	Instance pin QN of net dut/a_reg[1] has not been placed. Please make sure instance dut/a_reg_reg[1] is placed and rerun verifyConnectivity.
**WARN: (IMPVFC-96):	Instance pin A1 of net dut/a_reg[1] has not been placed. Please make sure instance dut/g1196__5122 is placed and rerun verifyConnectivity.
**WARN: (IMPVFC-96):	Instance pin A1 of net dut/a_reg[1] has not been placed. Please make sure instance dut/g1193__1617 is placed and rerun verifyConnectivity.
**WARN: (IMPVFC-96):	Instance pin A1 of net dut/a_reg[1] has not been placed. Please make sure instance dut/g1188__8428 is placed and rerun verifyConnectivity.
**WARN: (IMPVFC-96):	Instance pin A1 of net dut/a_reg[1] has not been placed. Please make sure instance dut/g1180__1666 is placed and rerun verifyConnectivity.
**WARN: (IMPVFC-96):	Instance pin QN of net dut/a_reg[0] has not been placed. Please make sure instance dut/a_reg_reg[0] is placed and rerun verifyConnectivity.
**WARN: (IMPVFC-96):	Instance pin A1 of net dut/a_reg[0] has not been placed. Please make sure instance dut/g1191__6783 is placed and rerun verifyConnectivity.
**WARN: (IMPVFC-96):	Instance pin A1 of net dut/a_reg[0] has not been placed. Please make sure instance dut/g1187__4319 is placed and rerun verifyConnectivity.
**WARN: (IMPVFC-96):	Instance pin A1 of net dut/a_reg[0] has not been placed. Please make sure instance dut/g1185__5107 is placed and rerun verifyConnectivity.
**WARN: (IMPVFC-96):	Instance pin B1 of net dut/a_reg[0] has not been placed. Please make sure instance dut/g1180__1666 is placed and rerun verifyConnectivity.
**WARN: (IMPVFC-96):	Instance pin Q of net dut/b_reg[3] has not been placed. Please make sure instance dut/b_reg_reg[3] is placed and rerun verifyConnectivity.
**WARN: (IMPVFC-96):	Instance pin A1 of net dut/b_reg[3] has not been placed. Please make sure instance dut/g1189__5526 is placed and rerun verifyConnectivity.
**WARN: (IMPVFC-96):	Instance pin A2 of net dut/b_reg[3] has not been placed. Please make sure instance dut/g1188__8428 is placed and rerun verifyConnectivity.
**WARN: (IMPVFC-96):	Instance pin A2 of net dut/b_reg[3] has not been placed. Please make sure instance dut/g1187__4319 is placed and rerun verifyConnectivity.
**WARN: (IMPVFC-96):	Instance pin A2 of net dut/b_reg[3] has not been placed. Please make sure instance dut/g1168__1881 is placed and rerun verifyConnectivity.
**WARN: (IMPVFC-96):	Instance pin A3 of net dut/b_reg[3] has not been placed. Please make sure instance dut/g1165__8246 is placed and rerun verifyConnectivity.
**WARN: (IMPVFC-96):	Instance pin QN of net dut/b_reg[2] has not been placed. Please make sure instance dut/b_reg_reg[2] is placed and rerun verifyConnectivity.
**WARN: (IMPVFC-96):	Instance pin A2 of net dut/b_reg[2] has not been placed. Please make sure instance dut/g1196__5122 is placed and rerun verifyConnectivity.
**WARN: (IMPVFC-96):	Instance pin A2 of net dut/b_reg[2] has not been placed. Please make sure instance dut/g1185__5107 is placed and rerun verifyConnectivity.
**WARN: (IMPVFC-96):	Instance pin A1 of net dut/b_reg[1] has not been placed. Please make sure instance dut/g2__9945 is placed and rerun verifyConnectivity.
**WARN: (IMPVFC-96):	Instance pin QN of net dut/b_reg[1] has not been placed. Please make sure instance dut/b_reg_reg[1] is placed and rerun verifyConnectivity.
**WARN: (IMPVFC-96):	Instance pin A2 of net dut/b_reg[1] has not been placed. Please make sure instance dut/g1194__2802 is placed and rerun verifyConnectivity.
**WARN: (IMPVFC-96):	Instance pin A2 of net dut/b_reg[1] has not been placed. Please make sure instance dut/g1193__1617 is placed and rerun verifyConnectivity.
**WARN: (IMPVFC-96):	Instance pin B2 of net dut/b_reg[1] has not been placed. Please make sure instance dut/g1180__1666 is placed and rerun verifyConnectivity.
**WARN: (IMPVFC-96):	Instance pin QN of net dut/b_reg[0] has not been placed. Please make sure instance dut/b_reg_reg[0] is placed and rerun verifyConnectivity.
**WARN: (IMPVFC-96):	Instance pin A2 of net dut/b_reg[0] has not been placed. Please make sure instance dut/g1192__3680 is placed and rerun verifyConnectivity.
**WARN: (IMPVFC-96):	Instance pin A2 of net dut/b_reg[0] has not been placed. Please make sure instance dut/g1191__6783 is placed and rerun verifyConnectivity.
**WARN: (IMPVFC-96):	Instance pin A1 of net dut/b_reg[0] has not been placed. Please make sure instance dut/g1186__6260 is placed and rerun verifyConnectivity.
**WARN: (IMPVFC-96):	Instance pin A2 of net dut/b_reg[0] has not been placed. Please make sure instance dut/g1180__1666 is placed and rerun verifyConnectivity.
**WARN: (IMPVFC-96):	Instance pin CO of net dut/add_89_32_n_2 has not been placed. Please make sure instance dut/add_89_32_g383__7098 is placed and rerun verifyConnectivity.
**WARN: (IMPVFC-96):	Instance pin CI of net dut/add_89_32_n_2 has not been placed. Please make sure instance dut/add_89_32_g382__8246 is placed and rerun verifyConnectivity.
**WARN: (IMPVFC-96):	Instance pin CO of net dut/add_89_32_n_4 has not been placed. Please make sure instance dut/add_89_32_g382__8246 is placed and rerun verifyConnectivity.
**WARN: (IMPVFC-96):	Instance pin CI of net dut/add_89_32_n_4 has not been placed. Please make sure instance dut/add_89_32_g381__5122 is placed and rerun verifyConnectivity.
**WARN: (IMPVFC-96):	Instance pin CO of net dut/add_89_32_n_6 has not been placed. Please make sure instance dut/add_89_32_g381__5122 is placed and rerun verifyConnectivity.
**WARN: (IMPVFC-96):	Instance pin CI of net dut/add_89_32_n_6 has not been placed. Please make sure instance dut/add_89_32_g380__1705 is placed and rerun verifyConnectivity.
**WARN: (IMPVFC-96):	Instance pin CO of net dut/add_89_32_n_8 has not been placed. Please make sure instance dut/add_89_32_g380__1705 is placed and rerun verifyConnectivity.
**WARN: (IMPVFC-96):	Instance pin CI of net dut/add_89_32_n_8 has not been placed. Please make sure instance dut/add_89_32_g379__2802 is placed and rerun verifyConnectivity.
**WARN: (IMPVFC-96):	Instance pin CO of net dut/add_89_32_n_10 has not been placed. Please make sure instance dut/add_89_32_g379__2802 is placed and rerun verifyConnectivity.
**WARN: (IMPVFC-96):	Instance pin CI of net dut/add_89_32_n_10 has not been placed. Please make sure instance dut/add_89_32_g378__1617 is placed and rerun verifyConnectivity.
**WARN: (IMPVFC-96):	Instance pin CO of net dut/add_89_32_n_12 has not been placed. Please make sure instance dut/add_89_32_g378__1617 is placed and rerun verifyConnectivity.
**WARN: (IMPVFC-96):	Instance pin CI of net dut/add_89_32_n_12 has not been placed. Please make sure instance dut/add_89_32_g377__3680 is placed and rerun verifyConnectivity.
**WARN: (IMPVFC-96):	Instance pin CO of net dut/add_89_32_n_14 has not been placed. Please make sure instance dut/add_89_32_g377__3680 is placed and rerun verifyConnectivity.
**WARN: (IMPVFC-96):	Instance pin CI of net dut/add_89_32_n_14 has not been placed. Please make sure instance dut/add_89_32_g376__6783 is placed and rerun verifyConnectivity.
**WARN: (IMPVFC-96):	Instance pin CO of net dut/add_89_32_n_16 has not been placed. Please make sure instance dut/add_89_32_g376__6783 is placed and rerun verifyConnectivity.
**WARN: (IMPVFC-96):	Instance pin CI of net dut/add_89_32_n_16 has not been placed. Please make sure instance dut/add_89_32_g375__5526 is placed and rerun verifyConnectivity.
**WARN: (IMPVFC-96):	Instance pin CO of net dut/add_89_32_n_18 has not been placed. Please make sure instance dut/add_89_32_g375__5526 is placed and rerun verifyConnectivity.
**WARN: (IMPVFC-96):	Instance pin CI of net dut/add_89_32_n_18 has not been placed. Please make sure instance dut/add_89_32_g374__8428 is placed and rerun verifyConnectivity.
**WARN: (IMPVFC-96):	Instance pin CO of net dut/add_89_32_n_20 has not been placed. Please make sure instance dut/add_89_32_g374__8428 is placed and rerun verifyConnectivity.
**WARN: (IMPVFC-96):	Instance pin CI of net dut/add_89_32_n_20 has not been placed. Please make sure instance dut/add_89_32_g373__4319 is placed and rerun verifyConnectivity.
**WARN: (IMPVFC-96):	Instance pin CO of net dut/add_89_32_n_22 has not been placed. Please make sure instance dut/add_89_32_g373__4319 is placed and rerun verifyConnectivity.
**WARN: (IMPVFC-96):	Instance pin CI of net dut/add_89_32_n_22 has not been placed. Please make sure instance dut/add_89_32_g372__6260 is placed and rerun verifyConnectivity.
**WARN: (IMPVFC-96):	Instance pin CO of net dut/add_89_32_n_24 has not been placed. Please make sure instance dut/add_89_32_g372__6260 is placed and rerun verifyConnectivity.
**WARN: (IMPVFC-96):	Instance pin CI of net dut/add_89_32_n_24 has not been placed. Please make sure instance dut/add_89_32_g371__5107 is placed and rerun verifyConnectivity.
**WARN: (IMPVFC-96):	Instance pin CO of net dut/add_89_32_n_26 has not been placed. Please make sure instance dut/add_89_32_g371__5107 is placed and rerun verifyConnectivity.
**WARN: (IMPVFC-96):	Instance pin CI of net dut/add_89_32_n_26 has not been placed. Please make sure instance dut/add_89_32_g370__2398 is placed and rerun verifyConnectivity.
**WARN: (IMPVFC-96):	Instance pin CO of net dut/add_89_32_n_28 has not been placed. Please make sure instance dut/add_89_32_g370__2398 is placed and rerun verifyConnectivity.
**WARN: (IMPVFC-96):	Instance pin CI of net dut/add_89_32_n_28 has not been placed. Please make sure instance dut/add_89_32_g369__5477 is placed and rerun verifyConnectivity.
**WARN: (IMPVFC-96):	Instance pin A1 of net dut/add_89_32_n_31 has not been placed. Please make sure instance dut/g2 is placed and rerun verifyConnectivity.
**WARN: (IMPVFC-96):	Instance pin CO of net dut/add_89_32_n_31 has not been placed. Please make sure instance dut/add_89_32_g369__5477 is placed and rerun verifyConnectivity.
**WARN: (IMPVFC-96):	Instance pin QN of net dut/enable_s1 has not been placed. Please make sure instance dut/enable_s1_reg is placed and rerun verifyConnectivity.
**WARN: (IMPVFC-96):	Instance pin A1 of net dut/enable_s1 has not been placed. Please make sure instance dut/g1183__5477 is placed and rerun verifyConnectivity.
**WARN: (IMPVFC-96):	Instance pin Q of net dut/enable_s2 has not been placed. Please make sure instance dut/enable_s2_reg is placed and rerun verifyConnectivity.
**WARN: (IMPVFC-96):	Instance pin B2 of net dut/enable_s2 has not been placed. Please make sure instance dut/g693__7410 is placed and rerun verifyConnectivity.
**WARN: (IMPVFC-96):	Instance pin B2 of net dut/enable_s2 has not been placed. Please make sure instance dut/g692__1666 is placed and rerun verifyConnectivity.
**WARN: (IMPVFC-96):	Instance pin B2 of net dut/enable_s2 has not been placed. Please make sure instance dut/g691__2346 is placed and rerun verifyConnectivity.
**WARN: (IMPVFC-96):	Instance pin B2 of net dut/enable_s2 has not been placed. Please make sure instance dut/g690__2883 is placed and rerun verifyConnectivity.
**WARN: (IMPVFC-96):	Instance pin B2 of net dut/enable_s2 has not been placed. Please make sure instance dut/g689__9945 is placed and rerun verifyConnectivity.
**WARN: (IMPVFC-96):	Instance pin B2 of net dut/enable_s2 has not been placed. Please make sure instance dut/g688__9315 is placed and rerun verifyConnectivity.
**WARN: (IMPVFC-96):	Instance pin B2 of net dut/enable_s2 has not been placed. Please make sure instance dut/g687__6161 is placed and rerun verifyConnectivity.
**WARN: (IMPVFC-96):	Instance pin B2 of net dut/enable_s2 has not been placed. Please make sure instance dut/g686__4733 is placed and rerun verifyConnectivity.
**WARN: (IMPVFC-96):	Instance pin B2 of net dut/enable_s2 has not been placed. Please make sure instance dut/g685__7482 is placed and rerun verifyConnectivity.
**WARN: (IMPVFC-96):	Instance pin B2 of net dut/enable_s2 has not been placed. Please make sure instance dut/g684__5115 is placed and rerun verifyConnectivity.
**WARN: (IMPVFC-96):	Instance pin B2 of net dut/enable_s2 has not been placed. Please make sure instance dut/g683__1881 is placed and rerun verifyConnectivity.
**WARN: (IMPVFC-96):	Instance pin B2 of net dut/enable_s2 has not been placed. Please make sure instance dut/g682__6131 is placed and rerun verifyConnectivity.
**WARN: (IMPVFC-96):	Instance pin B2 of net dut/enable_s2 has not been placed. Please make sure instance dut/g681__7098 is placed and rerun verifyConnectivity.
**WARN: (IMPVFC-96):	Instance pin B2 of net dut/enable_s2 has not been placed. Please make sure instance dut/g680__8246 is placed and rerun verifyConnectivity.
**WARN: (IMPVFC-96):	Instance pin B2 of net dut/enable_s2 has not been placed. Please make sure instance dut/g679__5122 is placed and rerun verifyConnectivity.
**WARN: (IMPVFC-96):	Instance pin B2 of net dut/enable_s2 has not been placed. Please make sure instance dut/g678__1705 is placed and rerun verifyConnectivity.
**WARN: (IMPVFC-96):	Instance pin QN of net dut/n_0 has not been placed. Please make sure instance dut/enable_s2_reg is placed and rerun verifyConnectivity.
**WARN: (IMPVFC-96):	Instance pin A2 of net dut/n_0 has not been placed. Please make sure instance dut/g693__7410 is placed and rerun verifyConnectivity.
**WARN: (IMPVFC-96):	Instance pin A2 of net dut/n_0 has not been placed. Please make sure instance dut/g692__1666 is placed and rerun verifyConnectivity.
**WARN: (IMPVFC-96):	Instance pin A2 of net dut/n_0 has not been placed. Please make sure instance dut/g691__2346 is placed and rerun verifyConnectivity.
**WARN: (IMPVFC-96):	Instance pin A2 of net dut/n_0 has not been placed. Please make sure instance dut/g690__2883 is placed and rerun verifyConnectivity.
**WARN: (IMPVFC-96):	Instance pin A2 of net dut/n_0 has not been placed. Please make sure instance dut/g689__9945 is placed and rerun verifyConnectivity.
**WARN: (IMPVFC-96):	Instance pin A2 of net dut/n_0 has not been placed. Please make sure instance dut/g688__9315 is placed and rerun verifyConnectivity.
**WARN: (IMPVFC-96):	Instance pin A2 of net dut/n_0 has not been placed. Please make sure instance dut/g687__6161 is placed and rerun verifyConnectivity.
**WARN: (IMPVFC-96):	Instance pin A2 of net dut/n_0 has not been placed. Please make sure instance dut/g686__4733 is placed and rerun verifyConnectivity.
**WARN: (IMPVFC-96):	Instance pin A2 of net dut/n_0 has not been placed. Please make sure instance dut/g685__7482 is placed and rerun verifyConnectivity.
**WARN: (IMPVFC-96):	Instance pin A2 of net dut/n_0 has not been placed. Please make sure instance dut/g684__5115 is placed and rerun verifyConnectivity.
**WARN: (IMPVFC-96):	Instance pin A2 of net dut/n_0 has not been placed. Please make sure instance dut/g683__1881 is placed and rerun verifyConnectivity.
**WARN: (IMPVFC-96):	Instance pin A2 of net dut/n_0 has not been placed. Please make sure instance dut/g682__6131 is placed and rerun verifyConnectivity.
**WARN: (IMPVFC-96):	Instance pin A2 of net dut/n_0 has not been placed. Please make sure instance dut/g681__7098 is placed and rerun verifyConnectivity.
**WARN: (IMPVFC-96):	Instance pin A2 of net dut/n_0 has not been placed. Please make sure instance dut/g680__8246 is placed and rerun verifyConnectivity.
**WARN: (IMPVFC-96):	Instance pin A2 of net dut/n_0 has not been placed. Please make sure instance dut/g679__5122 is placed and rerun verifyConnectivity.
**WARN: (IMPVFC-96):	Instance pin A2 of net dut/n_0 has not been placed. Please make sure instance dut/g678__1705 is placed and rerun verifyConnectivity.
**WARN: (IMPVFC-96):	Instance pin ZN of net dut/n_1 has not been placed. Please make sure instance dut/g693__7410 is placed and rerun verifyConnectivity.
**WARN: (IMPVFC-96):	Instance pin A1 of net dut/n_1 has not been placed. Please make sure instance dut/g677__2802 is placed and rerun verifyConnectivity.
**WARN: (IMPVFC-96):	Instance pin ZN of net dut/n_2 has not been placed. Please make sure instance dut/g692__1666 is placed and rerun verifyConnectivity.
**WARN: (IMPVFC-96):	Instance pin A1 of net dut/n_2 has not been placed. Please make sure instance dut/g676__1617 is placed and rerun verifyConnectivity.
**WARN: (IMPVFC-96):	Instance pin ZN of net dut/n_3 has not been placed. Please make sure instance dut/g691__2346 is placed and rerun verifyConnectivity.
**WARN: (IMPVFC-96):	Instance pin A1 of net dut/n_3 has not been placed. Please make sure instance dut/g675__3680 is placed and rerun verifyConnectivity.
**WARN: (IMPVFC-96):	Instance pin ZN of net dut/n_4 has not been placed. Please make sure instance dut/g690__2883 is placed and rerun verifyConnectivity.
**WARN: (IMPVFC-96):	Instance pin A1 of net dut/n_4 has not been placed. Please make sure instance dut/g671__4319 is placed and rerun verifyConnectivity.
**WARN: (IMPVFC-96):	Instance pin ZN of net dut/n_5 has not been placed. Please make sure instance dut/g689__9945 is placed and rerun verifyConnectivity.
**WARN: (IMPVFC-96):	Instance pin A1 of net dut/n_5 has not been placed. Please make sure instance dut/g669__5107 is placed and rerun verifyConnectivity.
**WARN: (IMPVFC-96):	Instance pin ZN of net dut/n_6 has not been placed. Please make sure instance dut/g688__9315 is placed and rerun verifyConnectivity.
**WARN: (IMPVFC-96):	Instance pin A1 of net dut/n_6 has not been placed. Please make sure instance dut/g672__8428 is placed and rerun verifyConnectivity.
**WARN: (IMPVFC-96):	Instance pin ZN of net dut/n_7 has not been placed. Please make sure instance dut/g687__6161 is placed and rerun verifyConnectivity.
**WARN: (IMPVFC-96):	Instance pin A1 of net dut/n_7 has not been placed. Please make sure instance dut/g673__5526 is placed and rerun verifyConnectivity.
**WARN: (IMPVFC-96):	Instance pin ZN of net dut/n_8 has not been placed. Please make sure instance dut/g686__4733 is placed and rerun verifyConnectivity.
**WARN: (IMPVFC-96):	Instance pin A1 of net dut/n_8 has not been placed. Please make sure instance dut/g670__6260 is placed and rerun verifyConnectivity.
**WARN: (IMPVFC-96):	Instance pin ZN of net dut/n_9 has not been placed. Please make sure instance dut/g685__7482 is placed and rerun verifyConnectivity.
**WARN: (IMPVFC-96):	Instance pin A1 of net dut/n_9 has not been placed. Please make sure instance dut/g674__6783 is placed and rerun verifyConnectivity.
**WARN: (IMPVFC-96):	Instance pin ZN of net dut/n_10 has not been placed. Please make sure instance dut/g684__5115 is placed and rerun verifyConnectivity.
**WARN: (IMPVFC-96):	Instance pin A1 of net dut/n_10 has not been placed. Please make sure instance dut/g667__5477 is placed and rerun verifyConnectivity.
**WARN: (IMPVFC-96):	Instance pin ZN of net dut/n_11 has not been placed. Please make sure instance dut/g683__1881 is placed and rerun verifyConnectivity.
**WARN: (IMPVFC-96):	Instance pin A1 of net dut/n_11 has not been placed. Please make sure instance dut/g668__2398 is placed and rerun verifyConnectivity.
**WARN: (IMPVFC-96):	Instance pin ZN of net dut/n_12 has not been placed. Please make sure instance dut/g682__6131 is placed and rerun verifyConnectivity.
**WARN: (IMPVFC-96):	Instance pin A1 of net dut/n_12 has not been placed. Please make sure instance dut/g666__6417 is placed and rerun verifyConnectivity.
**WARN: (IMPVFC-96):	Instance pin ZN of net dut/n_13 has not been placed. Please make sure instance dut/g681__7098 is placed and rerun verifyConnectivity.
**WARN: (IMPVFC-96):	Instance pin A1 of net dut/n_13 has not been placed. Please make sure instance dut/g662__2883 is placed and rerun verifyConnectivity.
**WARN: (IMPVFC-96):	Instance pin ZN of net dut/n_14 has not been placed. Please make sure instance dut/g680__8246 is placed and rerun verifyConnectivity.
**WARN: (IMPVFC-96):	Instance pin A1 of net dut/n_14 has not been placed. Please make sure instance dut/g664__1666 is placed and rerun verifyConnectivity.
**WARN: (IMPVFC-96):	Instance pin ZN of net dut/n_15 has not been placed. Please make sure instance dut/g679__5122 is placed and rerun verifyConnectivity.
**WARN: (IMPVFC-96):	Instance pin A1 of net dut/n_15 has not been placed. Please make sure instance dut/g663__2346 is placed and rerun verifyConnectivity.
**WARN: (IMPVFC-96):	Instance pin ZN of net dut/n_16 has not been placed. Please make sure instance dut/g678__1705 is placed and rerun verifyConnectivity.
**WARN: (IMPVFC-96):	Instance pin A1 of net dut/n_16 has not been placed. Please make sure instance dut/g665__7410 is placed and rerun verifyConnectivity.
**WARN: (IMPVFC-96):	Instance pin ZN of net dut/n_17 has not been placed. Please make sure instance dut/g677__2802 is placed and rerun verifyConnectivity.
**WARN: (IMPVFC-96):	Instance pin D of net dut/n_17 has not been placed. Please make sure instance dut/acc_reg_reg[5] is placed and rerun verifyConnectivity.
**WARN: (IMPVFC-96):	Instance pin ZN of net dut/n_18 has not been placed. Please make sure instance dut/g676__1617 is placed and rerun verifyConnectivity.
**WARN: (IMPVFC-96):	Instance pin D of net dut/n_18 has not been placed. Please make sure instance dut/acc_reg_reg[4] is placed and rerun verifyConnectivity.
**WARN: (IMPVFC-96):	Instance pin ZN of net dut/n_19 has not been placed. Please make sure instance dut/g675__3680 is placed and rerun verifyConnectivity.
**WARN: (IMPVFC-96):	Instance pin D of net dut/n_19 has not been placed. Please make sure instance dut/acc_reg_reg[15] is placed and rerun verifyConnectivity.
**WARN: (IMPVFC-96):	Instance pin ZN of net dut/n_20 has not been placed. Please make sure instance dut/g674__6783 is placed and rerun verifyConnectivity.
**WARN: (IMPVFC-96):	Instance pin D of net dut/n_20 has not been placed. Please make sure instance dut/acc_reg_reg[11] is placed and rerun verifyConnectivity.
**WARN: (IMPVFC-96):	Instance pin ZN of net dut/n_21 has not been placed. Please make sure instance dut/g673__5526 is placed and rerun verifyConnectivity.
**WARN: (IMPVFC-96):	Instance pin D of net dut/n_21 has not been placed. Please make sure instance dut/acc_reg_reg[13] is placed and rerun verifyConnectivity.
**WARN: (IMPVFC-96):	Instance pin ZN of net dut/n_22 has not been placed. Please make sure instance dut/g672__8428 is placed and rerun verifyConnectivity.
**WARN: (IMPVFC-96):	Instance pin D of net dut/n_22 has not been placed. Please make sure instance dut/acc_reg_reg[3] is placed and rerun verifyConnectivity.
**WARN: (IMPVFC-96):	Instance pin ZN of net dut/n_23 has not been placed. Please make sure instance dut/g671__4319 is placed and rerun verifyConnectivity.
**WARN: (IMPVFC-96):	Instance pin D of net dut/n_23 has not been placed. Please make sure instance dut/acc_reg_reg[12] is placed and rerun verifyConnectivity.
**WARN: (IMPVFC-96):	Instance pin ZN of net dut/n_24 has not been placed. Please make sure instance dut/g670__6260 is placed and rerun verifyConnectivity.
**WARN: (IMPVFC-96):	Instance pin D of net dut/n_24 has not been placed. Please make sure instance dut/acc_reg_reg[14] is placed and rerun verifyConnectivity.
**WARN: (IMPVFC-96):	Instance pin ZN of net dut/n_25 has not been placed. Please make sure instance dut/g669__5107 is placed and rerun verifyConnectivity.
**WARN: (IMPVFC-96):	Instance pin D of net dut/n_25 has not been placed. Please make sure instance dut/acc_reg_reg[2] is placed and rerun verifyConnectivity.
**WARN: (IMPVFC-96):	Instance pin ZN of net dut/n_26 has not been placed. Please make sure instance dut/g668__2398 is placed and rerun verifyConnectivity.
**WARN: (IMPVFC-96):	Instance pin D of net dut/n_26 has not been placed. Please make sure instance dut/acc_reg_reg[1] is placed and rerun verifyConnectivity.
**WARN: (IMPVFC-96):	Instance pin ZN of net dut/n_27 has not been placed. Please make sure instance dut/g667__5477 is placed and rerun verifyConnectivity.
**WARN: (IMPVFC-96):	Instance pin D of net dut/n_27 has not been placed. Please make sure instance dut/acc_reg_reg[10] is placed and rerun verifyConnectivity.
**WARN: (IMPVFC-96):	Instance pin ZN of net dut/n_28 has not been placed. Please make sure instance dut/g666__6417 is placed and rerun verifyConnectivity.
**WARN: (IMPVFC-96):	Instance pin D of net dut/n_28 has not been placed. Please make sure instance dut/acc_reg_reg[6] is placed and rerun verifyConnectivity.
**WARN: (IMPVFC-96):	Instance pin ZN of net dut/n_29 has not been placed. Please make sure instance dut/g665__7410 is placed and rerun verifyConnectivity.
**WARN: (IMPVFC-96):	Instance pin D of net dut/n_29 has not been placed. Please make sure instance dut/acc_reg_reg[9] is placed and rerun verifyConnectivity.
**WARN: (IMPVFC-96):	Instance pin ZN of net dut/n_30 has not been placed. Please make sure instance dut/g664__1666 is placed and rerun verifyConnectivity.
**WARN: (IMPVFC-96):	Instance pin D of net dut/n_30 has not been placed. Please make sure instance dut/acc_reg_reg[8] is placed and rerun verifyConnectivity.
**WARN: (IMPVFC-96):	Instance pin ZN of net dut/n_31 has not been placed. Please make sure instance dut/g663__2346 is placed and rerun verifyConnectivity.
**WARN: (IMPVFC-96):	Instance pin D of net dut/n_31 has not been placed. Please make sure instance dut/acc_reg_reg[7] is placed and rerun verifyConnectivity.
**WARN: (IMPVFC-96):	Instance pin ZN of net dut/n_32 has not been placed. Please make sure instance dut/g662__2883 is placed and rerun verifyConnectivity.
**WARN: (IMPVFC-96):	Instance pin D of net dut/n_32 has not been placed. Please make sure instance dut/acc_reg_reg[0] is placed and rerun verifyConnectivity.
**WARN: (IMPVFC-96):	Instance pin Z of net dut/n_33 has not been placed. Please make sure instance dut/g2__9945 is placed and rerun verifyConnectivity.
**WARN: (IMPVFC-96):	Instance pin A1 of net dut/n_33 has not been placed. Please make sure instance dut/g1181__7410 is placed and rerun verifyConnectivity.
**WARN: (IMPVFC-96):	Instance pin B1 of net dut/n_33 has not been placed. Please make sure instance dut/g1177__2883 is placed and rerun verifyConnectivity.
**WARN: (IMPVFC-96):	Instance pin ZN of net dut/n_34 has not been placed. Please make sure instance dut/g1218 is placed and rerun verifyConnectivity.
**WARN: (IMPVFC-96):	Instance pin A1 of net dut/n_34 has not been placed. Please make sure instance dut/g1217__9315 is placed and rerun verifyConnectivity.
**WARN: (IMPVFC-96):	Instance pin A1 of net dut/n_34 has not been placed. Please make sure instance dut/g1216__6161 is placed and rerun verifyConnectivity.
**WARN: (IMPVFC-96):	Instance pin A1 of net dut/n_34 has not been placed. Please make sure instance dut/g1215__4733 is placed and rerun verifyConnectivity.
**WARN: (IMPVFC-96):	Instance pin A1 of net dut/n_34 has not been placed. Please make sure instance dut/g1214__7482 is placed and rerun verifyConnectivity.
**WARN: (IMPVFC-96):	Instance pin A1 of net dut/n_34 has not been placed. Please make sure instance dut/g1213__5115 is placed and rerun verifyConnectivity.
**WARN: (IMPVFC-96):	Instance pin A1 of net dut/n_34 has not been placed. Please make sure instance dut/g1212__1881 is placed and rerun verifyConnectivity.
**WARN: (IMPVFC-96):	Instance pin A1 of net dut/n_34 has not been placed. Please make sure instance dut/g1211__6131 is placed and rerun verifyConnectivity.
**WARN: (IMPVFC-96):	Instance pin A1 of net dut/n_34 has not been placed. Please make sure instance dut/g1210__7098 is placed and rerun verifyConnectivity.
**WARN: (IMPVFC-96):	Instance pin A1 of net dut/n_34 has not been placed. Please make sure instance dut/g1209__8246 is placed and rerun verifyConnectivity.
**WARN: (IMPVFC-96):	Instance pin A1 of net dut/n_34 has not been placed. Please make sure instance dut/g1175__9945 is placed and rerun verifyConnectivity.
**WARN: (IMPVFC-96):	Instance pin A1 of net dut/n_34 has not been placed. Please make sure instance dut/g1159__3680 is placed and rerun verifyConnectivity.
**WARN: (IMPVFC-96):	Instance pin A1 of net dut/n_34 has not been placed. Please make sure instance dut/g1156__5526 is placed and rerun verifyConnectivity.
**WARN: (IMPVFC-96):	Instance pin A1 of net dut/n_34 has not been placed. Please make sure instance dut/g1152__6260 is placed and rerun verifyConnectivity.
**WARN: (IMPVFC-96):	Instance pin D of net dut/n_35 has not been placed. Please make sure instance dut/a_reg_reg[2] is placed and rerun verifyConnectivity.
**WARN: (IMPVFC-96):	Instance pin Z of net dut/n_35 has not been placed. Please make sure instance dut/g1217__9315 is placed and rerun verifyConnectivity.
**WARN: (IMPVFC-96):	Instance pin Z of net dut/n_36 has not been placed. Please make sure instance dut/g1216__6161 is placed and rerun verifyConnectivity.
**WARN: (IMPVFC-96):	Instance pin D of net dut/n_36 has not been placed. Please make sure instance dut/a_reg_reg[1] is placed and rerun verifyConnectivity.
**WARN: (IMPVFC-96):	Instance pin Z of net dut/n_37 has not been placed. Please make sure instance dut/g1215__4733 is placed and rerun verifyConnectivity.
**WARN: (IMPVFC-96):	Instance pin D of net dut/n_37 has not been placed. Please make sure instance dut/b_reg_reg[3] is placed and rerun verifyConnectivity.
**WARN: (IMPVFC-96):	Instance pin Z of net dut/n_38 has not been placed. Please make sure instance dut/g1214__7482 is placed and rerun verifyConnectivity.
**WARN: (IMPVFC-96):	Instance pin D of net dut/n_38 has not been placed. Please make sure instance dut/a_reg_reg[0] is placed and rerun verifyConnectivity.
**WARN: (IMPVFC-96):	Instance pin Z of net dut/n_39 has not been placed. Please make sure instance dut/g1213__5115 is placed and rerun verifyConnectivity.
**WARN: (IMPVFC-96):	Instance pin D of net dut/n_39 has not been placed. Please make sure instance dut/b_reg_reg[0] is placed and rerun verifyConnectivity.
**WARN: (IMPVFC-96):	Instance pin Z of net dut/n_40 has not been placed. Please make sure instance dut/g1212__1881 is placed and rerun verifyConnectivity.
**WARN: (IMPVFC-96):	Instance pin D of net dut/n_40 has not been placed. Please make sure instance dut/enable_s1_reg is placed and rerun verifyConnectivity.
**WARN: (IMPVFC-96):	Instance pin Z of net dut/n_41 has not been placed. Please make sure instance dut/g1211__6131 is placed and rerun verifyConnectivity.
**WARN: (IMPVFC-96):	Instance pin D of net dut/n_41 has not been placed. Please make sure instance dut/b_reg_reg[1] is placed and rerun verifyConnectivity.
**WARN: (IMPVFC-96):	Instance pin D of net dut/n_42 has not been placed. Please make sure instance dut/b_reg_reg[2] is placed and rerun verifyConnectivity.
**WARN: (IMPVFC-96):	Instance pin Z of net dut/n_42 has not been placed. Please make sure instance dut/g1210__7098 is placed and rerun verifyConnectivity.
**WARN: (IMPVFC-96):	Instance pin Z of net dut/n_43 has not been placed. Please make sure instance dut/g1209__8246 is placed and rerun verifyConnectivity.
**WARN: (IMPVFC-96):	Instance pin D of net dut/n_43 has not been placed. Please make sure instance dut/a_reg_reg[3] is placed and rerun verifyConnectivity.
**WARN: (IMPVFC-96):	Instance pin Q of net dut/n_44 has not been placed. Please make sure instance dut/a_reg_reg[2] is placed and rerun verifyConnectivity.
**WARN: (IMPVFC-96):	Instance pin A2 of net dut/n_44 has not been placed. Please make sure instance dut/g1189__5526 is placed and rerun verifyConnectivity.
**WARN: (IMPVFC-96):	Instance pin A2 of net dut/n_44 has not been placed. Please make sure instance dut/g1184__2398 is placed and rerun verifyConnectivity.
**WARN: (IMPVFC-96):	Instance pin Q of net dut/n_45 has not been placed. Please make sure instance dut/b_reg_reg[2] is placed and rerun verifyConnectivity.
**WARN: (IMPVFC-96):	Instance pin A1 of net dut/n_45 has not been placed. Please make sure instance dut/g1195__1705 is placed and rerun verifyConnectivity.
**WARN: (IMPVFC-96):	Instance pin A1 of net dut/n_45 has not been placed. Please make sure instance dut/g1184__2398 is placed and rerun verifyConnectivity.
**WARN: (IMPVFC-96):	Instance pin ZN of net dut/n_46 has not been placed. Please make sure instance dut/g1196__5122 is placed and rerun verifyConnectivity.
**WARN: (IMPVFC-96):	Instance pin A of net dut/n_46 has not been placed. Please make sure instance dut/g1171__4733 is placed and rerun verifyConnectivity.
**WARN: (IMPVFC-96):	Instance pin ZN of net dut/n_47 has not been placed. Please make sure instance dut/g1195__1705 is placed and rerun verifyConnectivity.
**WARN: (IMPVFC-96):	Instance pin A of net dut/n_47 has not been placed. Please make sure instance dut/g1169__5115 is placed and rerun verifyConnectivity.
**WARN: (IMPVFC-96):	Instance pin ZN of net dut/n_48 has not been placed. Please make sure instance dut/g1194__2802 is placed and rerun verifyConnectivity.
**WARN: (IMPVFC-96):	Instance pin A of net dut/n_48 has not been placed. Please make sure instance dut/g1174__9315 is placed and rerun verifyConnectivity.
**WARN: (IMPVFC-96):	Instance pin ZN of net dut/n_49 has not been placed. Please make sure instance dut/g1192__3680 is placed and rerun verifyConnectivity.
**WARN: (IMPVFC-96):	Instance pin A of net dut/n_49 has not been placed. Please make sure instance dut/g1173__6161 is placed and rerun verifyConnectivity.
**WARN: (IMPVFC-96):	Instance pin ZN of net dut/n_50 has not been placed. Please make sure instance dut/g1193__1617 is placed and rerun verifyConnectivity.
**WARN: (IMPVFC-96):	Instance pin A2 of net dut/n_50 has not been placed. Please make sure instance dut/g1182__6417 is placed and rerun verifyConnectivity.
**WARN: (IMPVFC-96):	Instance pin B of net dut/n_50 has not been placed. Please make sure instance dut/g1170__7482 is placed and rerun verifyConnectivity.
**WARN: (IMPVFC-96):	Instance pin Z of net dut/n_51 has not been placed. Please make sure instance dut/g1191__6783 is placed and rerun verifyConnectivity.
**WARN: (IMPVFC-96):	Instance pin A1 of net dut/n_51 has not been placed. Please make sure instance dut/g1182__6417 is placed and rerun verifyConnectivity.
**WARN: (IMPVFC-96):	Instance pin A1 of net dut/n_51 has not been placed. Please make sure instance dut/g1179__2346 is placed and rerun verifyConnectivity.
**WARN: (IMPVFC-96):	Instance pin ZN of net dut/n_52 has not been placed. Please make sure instance dut/g1189__5526 is placed and rerun verifyConnectivity.
**WARN: (IMPVFC-96):	Instance pin B of net dut/n_52 has not been placed. Please make sure instance dut/g1169__5115 is placed and rerun verifyConnectivity.
**WARN: (IMPVFC-96):	Instance pin ZN of net dut/n_53 has not been placed. Please make sure instance dut/g1188__8428 is placed and rerun verifyConnectivity.
**WARN: (IMPVFC-96):	Instance pin B of net dut/n_53 has not been placed. Please make sure instance dut/g1162__2802 is placed and rerun verifyConnectivity.
**WARN: (IMPVFC-96):	Instance pin ZN of net dut/n_54 has not been placed. Please make sure instance dut/g1187__4319 is placed and rerun verifyConnectivity.
**WARN: (IMPVFC-96):	Instance pin B of net dut/n_54 has not been placed. Please make sure instance dut/g1171__4733 is placed and rerun verifyConnectivity.
**WARN: (IMPVFC-96):	Instance pin ZN of net dut/n_55 has not been placed. Please make sure instance dut/g1186__6260 is placed and rerun verifyConnectivity.
**WARN: (IMPVFC-96):	Instance pin B of net dut/n_55 has not been placed. Please make sure instance dut/g1174__9315 is placed and rerun verifyConnectivity.
**WARN: (IMPVFC-96):	Instance pin ZN of net dut/n_56 has not been placed. Please make sure instance dut/g1185__5107 is placed and rerun verifyConnectivity.
**WARN: (IMPVFC-96):	Instance pin B of net dut/n_56 has not been placed. Please make sure instance dut/g1173__6161 is placed and rerun verifyConnectivity.
**WARN: (IMPVFC-96):	Instance pin D of net dut/n_57 has not been placed. Please make sure instance dut/enable_s2_reg is placed and rerun verifyConnectivity.
**WARN: (IMPVFC-96):	Instance pin ZN of net dut/n_57 has not been placed. Please make sure instance dut/g1183__5477 is placed and rerun verifyConnectivity.
**WARN: (IMPVFC-96):	Instance pin ZN of net dut/n_58 has not been placed. Please make sure instance dut/g1184__2398 is placed and rerun verifyConnectivity.
**WARN: (IMPVFC-96):	Instance pin A2 of net dut/n_58 has not been placed. Please make sure instance dut/g1181__7410 is placed and rerun verifyConnectivity.
**WARN: (IMPVFC-96):	Instance pin B2 of net dut/n_58 has not been placed. Please make sure instance dut/g1177__2883 is placed and rerun verifyConnectivity.
**WARN: (IMPVFC-96):	Instance pin ZN of net dut/n_59 has not been placed. Please make sure instance dut/g1180__1666 is placed and rerun verifyConnectivity.
**WARN: (IMPVFC-96):	Instance pin A3 of net dut/n_59 has not been placed. Please make sure instance dut/g1175__9945 is placed and rerun verifyConnectivity.
**WARN: (IMPVFC-96):	Instance pin ZN of net dut/n_60 has not been placed. Please make sure instance dut/g1182__6417 is placed and rerun verifyConnectivity.
**WARN: (IMPVFC-96):	Instance pin A2 of net dut/n_60 has not been placed. Please make sure instance dut/g1175__9945 is placed and rerun verifyConnectivity.
**WARN: (IMPVFC-96):	Instance pin A2 of net dut/n_60 has not been placed. Please make sure instance dut/g1167__6131 is placed and rerun verifyConnectivity.
**WARN: (IMPVFC-96):	Instance pin A2 of net dut/n_60 has not been placed. Please make sure instance dut/g1166__7098 is placed and rerun verifyConnectivity.
**WARN: (IMPVFC-96):	Instance pin C2 of net dut/n_60 has not been placed. Please make sure instance dut/g1164__5122 is placed and rerun verifyConnectivity.
**WARN: (IMPVFC-96):	Instance pin ZN of net dut/n_61 has not been placed. Please make sure instance dut/g1181__7410 is placed and rerun verifyConnectivity.
**WARN: (IMPVFC-96):	Instance pin A of net dut/n_61 has not been placed. Please make sure instance dut/g1177__2883 is placed and rerun verifyConnectivity.
**WARN: (IMPVFC-96):	Instance pin CI of net dut/n_61 has not been placed. Please make sure instance dut/g1169__5115 is placed and rerun verifyConnectivity.
**WARN: (IMPVFC-96):	Instance pin ZN of net dut/n_62 has not been placed. Please make sure instance dut/g1179__2346 is placed and rerun verifyConnectivity.
**WARN: (IMPVFC-96):	Instance pin D of net dut/n_62 has not been placed. Please make sure instance dut/mult_reg_reg[0] is placed and rerun verifyConnectivity.
**WARN: (IMPVFC-96):	Instance pin ZN of net dut/n_63 has not been placed. Please make sure instance dut/g1177__2883 is placed and rerun verifyConnectivity.
**WARN: (IMPVFC-96):	Instance pin CI of net dut/n_63 has not been placed. Please make sure instance dut/g1162__2802 is placed and rerun verifyConnectivity.
**WARN: (IMPVFC-96):	Instance pin Z of net dut/n_64 has not been placed. Please make sure instance dut/g1175__9945 is placed and rerun verifyConnectivity.
**WARN: (IMPVFC-96):	Instance pin D of net dut/n_64 has not been placed. Please make sure instance dut/mult_reg_reg[1] is placed and rerun verifyConnectivity.
**WARN: (IMPVFC-96):	Instance pin CO of net dut/n_65 has not been placed. Please make sure instance dut/g1174__9315 is placed and rerun verifyConnectivity.
**WARN: (IMPVFC-96):	Instance pin A of net dut/n_65 has not been placed. Please make sure instance dut/g1162__2802 is placed and rerun verifyConnectivity.
**WARN: (IMPVFC-96):	Instance pin S of net dut/n_66 has not been placed. Please make sure instance dut/g1174__9315 is placed and rerun verifyConnectivity.
**WARN: (IMPVFC-96):	Instance pin CI of net dut/n_66 has not been placed. Please make sure instance dut/g1171__4733 is placed and rerun verifyConnectivity.
**WARN: (IMPVFC-96):	Instance pin CO of net dut/n_67 has not been placed. Please make sure instance dut/g1173__6161 is placed and rerun verifyConnectivity.
**WARN: (IMPVFC-96):	Instance pin B of net dut/n_67 has not been placed. Please make sure instance dut/g1160__1617 is placed and rerun verifyConnectivity.
**WARN: (IMPVFC-96):	Instance pin S of net dut/n_68 has not been placed. Please make sure instance dut/g1173__6161 is placed and rerun verifyConnectivity.
**WARN: (IMPVFC-96):	Instance pin A of net dut/n_68 has not been placed. Please make sure instance dut/g1170__7482 is placed and rerun verifyConnectivity.
**WARN: (IMPVFC-96):	Instance pin CO of net dut/n_69 has not been placed. Please make sure instance dut/g1171__4733 is placed and rerun verifyConnectivity.
**WARN: (IMPVFC-96):	Instance pin B of net dut/n_69 has not been placed. Please make sure instance dut/g1157__6783 is placed and rerun verifyConnectivity.
**WARN: (IMPVFC-96):	Instance pin S of net dut/n_70 has not been placed. Please make sure instance dut/g1171__4733 is placed and rerun verifyConnectivity.
**WARN: (IMPVFC-96):	Instance pin CI of net dut/n_70 has not been placed. Please make sure instance dut/g1160__1617 is placed and rerun verifyConnectivity.
**WARN: (IMPVFC-96):	Instance pin CO of net dut/n_71 has not been placed. Please make sure instance dut/g1170__7482 is placed and rerun verifyConnectivity.
**WARN: (IMPVFC-96):	Instance pin A1 of net dut/n_71 has not been placed. Please make sure instance dut/g1166__7098 is placed and rerun verifyConnectivity.
**WARN: (IMPVFC-96):	Instance pin S of net dut/n_72 has not been placed. Please make sure instance dut/g1169__5115 is placed and rerun verifyConnectivity.
**WARN: (IMPVFC-96):	Instance pin B of net dut/n_72 has not been placed. Please make sure instance dut/g1154__8428 is placed and rerun verifyConnectivity.
**WARN: (IMPVFC-96):	Instance pin S of net dut/n_73 has not been placed. Please make sure instance dut/g1170__7482 is placed and rerun verifyConnectivity.
**WARN: (IMPVFC-96):	Instance pin A1 of net dut/n_73 has not been placed. Please make sure instance dut/g1167__6131 is placed and rerun verifyConnectivity.
**WARN: (IMPVFC-96):	Instance pin C1 of net dut/n_73 has not been placed. Please make sure instance dut/g1164__5122 is placed and rerun verifyConnectivity.
**WARN: (IMPVFC-96):	Instance pin CO of net dut/n_74 has not been placed. Please make sure instance dut/g1169__5115 is placed and rerun verifyConnectivity.
**WARN: (IMPVFC-96):	Instance pin A1 of net dut/n_74 has not been placed. Please make sure instance dut/g1168__1881 is placed and rerun verifyConnectivity.
**WARN: (IMPVFC-96):	Instance pin A1 of net dut/n_74 has not been placed. Please make sure instance dut/g1165__8246 is placed and rerun verifyConnectivity.
**WARN: (IMPVFC-96):	Instance pin ZN of net dut/n_75 has not been placed. Please make sure instance dut/g1167__6131 is placed and rerun verifyConnectivity.
**WARN: (IMPVFC-96):	Instance pin B of net dut/n_75 has not been placed. Please make sure instance dut/g1164__5122 is placed and rerun verifyConnectivity.
**WARN: (IMPVFC-96):	Instance pin Z of net dut/n_76 has not been placed. Please make sure instance dut/g1168__1881 is placed and rerun verifyConnectivity.
**WARN: (IMPVFC-96):	Instance pin A2 of net dut/n_76 has not been placed. Please make sure instance dut/g1163__1705 is placed and rerun verifyConnectivity.
**WARN: (IMPVFC-96):	Instance pin C2 of net dut/n_76 has not been placed. Please make sure instance dut/g1150__5107 is placed and rerun verifyConnectivity.
**WARN: (IMPVFC-96):	Instance pin ZN of net dut/n_77 has not been placed. Please make sure instance dut/g1166__7098 is placed and rerun verifyConnectivity.
**WARN: (IMPVFC-96):	Instance pin A of net dut/n_77 has not been placed. Please make sure instance dut/g1160__1617 is placed and rerun verifyConnectivity.
**WARN: (IMPVFC-96):	Instance pin Z of net dut/n_78 has not been placed. Please make sure instance dut/g1165__8246 is placed and rerun verifyConnectivity.
**WARN: (IMPVFC-96):	Instance pin A1 of net dut/n_78 has not been placed. Please make sure instance dut/g1163__1705 is placed and rerun verifyConnectivity.
**WARN: (IMPVFC-96):	Instance pin B of net dut/n_78 has not been placed. Please make sure instance dut/g1150__5107 is placed and rerun verifyConnectivity.
**WARN: (IMPVFC-96):	Instance pin ZN of net dut/n_79 has not been placed. Please make sure instance dut/g1164__5122 is placed and rerun verifyConnectivity.
**WARN: (IMPVFC-96):	Instance pin D of net dut/n_79 has not been placed. Please make sure instance dut/mult_reg_reg[2] is placed and rerun verifyConnectivity.
**WARN: (IMPVFC-96):	Instance pin CO of net dut/n_80 has not been placed. Please make sure instance dut/g1162__2802 is placed and rerun verifyConnectivity.
**WARN: (IMPVFC-96):	Instance pin A of net dut/n_80 has not been placed. Please make sure instance dut/g1154__8428 is placed and rerun verifyConnectivity.
**WARN: (IMPVFC-96):	Instance pin S of net dut/n_81 has not been placed. Please make sure instance dut/g1162__2802 is placed and rerun verifyConnectivity.
**WARN: (IMPVFC-96):	Instance pin A of net dut/n_81 has not been placed. Please make sure instance dut/g1157__6783 is placed and rerun verifyConnectivity.
**WARN: (IMPVFC-96):	Instance pin ZN of net dut/n_82 has not been placed. Please make sure instance dut/g1163__1705 is placed and rerun verifyConnectivity.
**WARN: (IMPVFC-96):	Instance pin A2 of net dut/n_82 has not been placed. Please make sure instance dut/g1153__4319 is placed and rerun verifyConnectivity.
**WARN: (IMPVFC-96):	Instance pin C2 of net dut/n_82 has not been placed. Please make sure instance dut/g1149__2398 is placed and rerun verifyConnectivity.
**WARN: (IMPVFC-96):	Instance pin CO of net dut/n_83 has not been placed. Please make sure instance dut/g1160__1617 is placed and rerun verifyConnectivity.
**WARN: (IMPVFC-96):	Instance pin CI of net dut/n_83 has not been placed. Please make sure instance dut/g1157__6783 is placed and rerun verifyConnectivity.
**WARN: (IMPVFC-96):	Instance pin S of net dut/n_84 has not been placed. Please make sure instance dut/g1160__1617 is placed and rerun verifyConnectivity.
**WARN: (IMPVFC-96):	Instance pin A2 of net dut/n_84 has not been placed. Please make sure instance dut/g1159__3680 is placed and rerun verifyConnectivity.
**WARN: (IMPVFC-96):	Instance pin Z of net dut/n_85 has not been placed. Please make sure instance dut/g1159__3680 is placed and rerun verifyConnectivity.
**WARN: (IMPVFC-96):	Instance pin D of net dut/n_85 has not been placed. Please make sure instance dut/mult_reg_reg[3] is placed and rerun verifyConnectivity.
**WARN: (IMPVFC-96):	Instance pin CO of net dut/n_86 has not been placed. Please make sure instance dut/g1157__6783 is placed and rerun verifyConnectivity.
**WARN: (IMPVFC-96):	Instance pin CI of net dut/n_86 has not been placed. Please make sure instance dut/g1154__8428 is placed and rerun verifyConnectivity.
**WARN: (IMPVFC-96):	Instance pin S of net dut/n_87 has not been placed. Please make sure instance dut/g1157__6783 is placed and rerun verifyConnectivity.
**WARN: (IMPVFC-96):	Instance pin A2 of net dut/n_87 has not been placed. Please make sure instance dut/g1156__5526 is placed and rerun verifyConnectivity.
**WARN: (IMPVFC-96):	Instance pin Z of net dut/n_88 has not been placed. Please make sure instance dut/g1156__5526 is placed and rerun verifyConnectivity.
**WARN: (IMPVFC-96):	Instance pin D of net dut/n_88 has not been placed. Please make sure instance dut/mult_reg_reg[4] is placed and rerun verifyConnectivity.
**WARN: (IMPVFC-96):	Instance pin S of net dut/n_89 has not been placed. Please make sure instance dut/g1154__8428 is placed and rerun verifyConnectivity.
**WARN: (IMPVFC-96):	Instance pin A2 of net dut/n_89 has not been placed. Please make sure instance dut/g1152__6260 is placed and rerun verifyConnectivity.
**WARN: (IMPVFC-96):	Instance pin CO of net dut/n_90 has not been placed. Please make sure instance dut/g1154__8428 is placed and rerun verifyConnectivity.
**WARN: (IMPVFC-96):	Instance pin A1 of net dut/n_90 has not been placed. Please make sure instance dut/g1153__4319 is placed and rerun verifyConnectivity.
**WARN: (IMPVFC-96):	Instance pin C1 of net dut/n_90 has not been placed. Please make sure instance dut/g1150__5107 is placed and rerun verifyConnectivity.
**WARN: (IMPVFC-96):	Instance pin C1 of net dut/n_90 has not been placed. Please make sure instance dut/g1149__2398 is placed and rerun verifyConnectivity.
**WARN: (IMPVFC-96):	Instance pin ZN of net dut/n_91 has not been placed. Please make sure instance dut/g1153__4319 is placed and rerun verifyConnectivity.
**WARN: (IMPVFC-96):	Instance pin B of net dut/n_91 has not been placed. Please make sure instance dut/g1149__2398 is placed and rerun verifyConnectivity.
**WARN: (IMPVFC-96):	Instance pin Z of net dut/n_92 has not been placed. Please make sure instance dut/g1152__6260 is placed and rerun verifyConnectivity.
**WARN: (IMPVFC-96):	Instance pin D of net dut/n_92 has not been placed. Please make sure instance dut/mult_reg_reg[5] is placed and rerun verifyConnectivity.
**WARN: (IMPVFC-96):	Instance pin ZN of net dut/n_93 has not been placed. Please make sure instance dut/g1150__5107 is placed and rerun verifyConnectivity.
**WARN: (IMPVFC-96):	Instance pin D of net dut/n_93 has not been placed. Please make sure instance dut/mult_reg_reg[7] is placed and rerun verifyConnectivity.
**WARN: (IMPVFC-96):	Instance pin ZN of net dut/n_94 has not been placed. Please make sure instance dut/g1149__2398 is placed and rerun verifyConnectivity.
**WARN: (IMPVFC-96):	Instance pin D of net dut/n_94 has not been placed. Please make sure instance dut/mult_reg_reg[6] is placed and rerun verifyConnectivity.
**WARN: (IMPVFC-96):	Instance pin S of net dut/n_105 has not been placed. Please make sure instance dut/add_89_32_g369__5477 is placed and rerun verifyConnectivity.
**WARN: (IMPVFC-96):	Instance pin B1 of net dut/n_105 has not been placed. Please make sure instance dut/g686__4733 is placed and rerun verifyConnectivity.
**WARN: (IMPVFC-96):	Instance pin S of net dut/n_106 has not been placed. Please make sure instance dut/add_89_32_g370__2398 is placed and rerun verifyConnectivity.
**WARN: (IMPVFC-96):	Instance pin B1 of net dut/n_106 has not been placed. Please make sure instance dut/g687__6161 is placed and rerun verifyConnectivity.
**WARN: (IMPVFC-96):	Instance pin S of net dut/n_107 has not been placed. Please make sure instance dut/add_89_32_g371__5107 is placed and rerun verifyConnectivity.
**WARN: (IMPVFC-96):	Instance pin B1 of net dut/n_107 has not been placed. Please make sure instance dut/g690__2883 is placed and rerun verifyConnectivity.
**WARN: (IMPVFC-96):	Instance pin S of net dut/n_108 has not been placed. Please make sure instance dut/add_89_32_g372__6260 is placed and rerun verifyConnectivity.
**WARN: (IMPVFC-96):	Instance pin B1 of net dut/n_108 has not been placed. Please make sure instance dut/g685__7482 is placed and rerun verifyConnectivity.
**WARN: (IMPVFC-96):	Instance pin S of net dut/n_109 has not been placed. Please make sure instance dut/add_89_32_g373__4319 is placed and rerun verifyConnectivity.
**WARN: (IMPVFC-96):	Instance pin B1 of net dut/n_109 has not been placed. Please make sure instance dut/g684__5115 is placed and rerun verifyConnectivity.
**WARN: (IMPVFC-96):	Instance pin S of net dut/n_110 has not been placed. Please make sure instance dut/add_89_32_g374__8428 is placed and rerun verifyConnectivity.
**WARN: (IMPVFC-96):	Instance pin B1 of net dut/n_110 has not been placed. Please make sure instance dut/g678__1705 is placed and rerun verifyConnectivity.
**WARN: (IMPVFC-96):	Instance pin S of net dut/n_111 has not been placed. Please make sure instance dut/add_89_32_g375__5526 is placed and rerun verifyConnectivity.
**WARN: (IMPVFC-96):	Instance pin B1 of net dut/n_111 has not been placed. Please make sure instance dut/g680__8246 is placed and rerun verifyConnectivity.
**WARN: (IMPVFC-96):	Instance pin S of net dut/n_112 has not been placed. Please make sure instance dut/add_89_32_g376__6783 is placed and rerun verifyConnectivity.
**WARN: (IMPVFC-96):	Instance pin B1 of net dut/n_112 has not been placed. Please make sure instance dut/g679__5122 is placed and rerun verifyConnectivity.
**WARN: (IMPVFC-96):	Instance pin S of net dut/n_113 has not been placed. Please make sure instance dut/add_89_32_g377__3680 is placed and rerun verifyConnectivity.
**WARN: (IMPVFC-96):	Instance pin B1 of net dut/n_113 has not been placed. Please make sure instance dut/g682__6131 is placed and rerun verifyConnectivity.
**WARN: (IMPVFC-96):	Instance pin S of net dut/n_114 has not been placed. Please make sure instance dut/add_89_32_g378__1617 is placed and rerun verifyConnectivity.
**WARN: (IMPVFC-96):	Instance pin B1 of net dut/n_114 has not been placed. Please make sure instance dut/g693__7410 is placed and rerun verifyConnectivity.
**WARN: (IMPVFC-96):	Instance pin S of net dut/n_115 has not been placed. Please make sure instance dut/add_89_32_g379__2802 is placed and rerun verifyConnectivity.
**WARN: (IMPVFC-96):	Instance pin B1 of net dut/n_115 has not been placed. Please make sure instance dut/g692__1666 is placed and rerun verifyConnectivity.
**WARN: (IMPVFC-96):	Instance pin S of net dut/n_116 has not been placed. Please make sure instance dut/add_89_32_g380__1705 is placed and rerun verifyConnectivity.
**WARN: (IMPVFC-96):	Instance pin B1 of net dut/n_116 has not been placed. Please make sure instance dut/g688__9315 is placed and rerun verifyConnectivity.
**WARN: (IMPVFC-96):	Instance pin S of net dut/n_117 has not been placed. Please make sure instance dut/add_89_32_g381__5122 is placed and rerun verifyConnectivity.
**WARN: (IMPVFC-96):	Instance pin B1 of net dut/n_117 has not been placed. Please make sure instance dut/g689__9945 is placed and rerun verifyConnectivity.
**WARN: (IMPVFC-96):	Instance pin S of net dut/n_118 has not been placed. Please make sure instance dut/add_89_32_g382__8246 is placed and rerun verifyConnectivity.
**WARN: (IMPVFC-96):	Instance pin B1 of net dut/n_118 has not been placed. Please make sure instance dut/g683__1881 is placed and rerun verifyConnectivity.
**WARN: (IMPVFC-96):	Instance pin S of net dut/n_119 has not been placed. Please make sure instance dut/add_89_32_g383__7098 is placed and rerun verifyConnectivity.
**WARN: (IMPVFC-96):	Instance pin B1 of net dut/n_119 has not been placed. Please make sure instance dut/g681__7098 is placed and rerun verifyConnectivity.
**WARN: (IMPVFC-96):	Instance pin Z of net dut/n_122 has not been placed. Please make sure instance dut/g2 is placed and rerun verifyConnectivity.
**WARN: (IMPVFC-96):	Instance pin B1 of net dut/n_122 has not been placed. Please make sure instance dut/g691__2346 is placed and rerun verifyConnectivity.

Begin Summary 
    3 Problem(s) (IMPVFC-98): Net has no global routing and no special routing.
    88 Problem(s) (IMPVFC-96): Terminal(s) are not connected.
    2 Problem(s) (IMPVFC-200): Special Wires: Pieces of the net are not connected together.
    93 total info(s) created.
End Summary

End Time: Tue Jun 23 12:06:03 2026
Time Elapsed: 0:00:00.0

******** End: VERIFY CONNECTIVITY ********
  Verification Complete : 93 Viols.  0 Wrngs.
  (CPU Time: 0:00:00.0  MEM: 0.000M)

